============================================
Motor iniciado
Hora: 2026-03-06 15:35:44
============================================
 Hashes precargados: 8067
 Conectando a IMAP…
 Login IMAP OK.
 SELECT MAILBOX_NAME -> OK
  Carpetas garantizadas: DUPLICADOS, REVISA_MANUAL
 Buscando NO LEÍDOS en INBOX (Yahoo)…
   ↪ SEARCH UNSEEN -> OK
 SEARCH (robusto) -> OK
 No hay correos NO LEÍDOS en INBOX.
 Hashes precargados: 8067
 Conectando a IMAP…
 Login IMAP OK.
 SELECT MAILBOX_NAME -> OK
  Carpetas garantizadas: DUPLICADOS, REVISA_MANUAL
 Buscando NO LEÍDOS en INBOX (Yahoo)…
   ↪ SEARCH UNSEEN -> OK
 SEARCH (robusto) -> OK
 No hay correos NO LEÍDOS en INBOX.

Analizando y limpiando 0 archivos PDF...


Limpieza Walmart: 0it [00:00, ?it/s]
Limpieza Walmart: 0it [00:00, ?it/s]
 RESUMEN FINAL
────────────────────────────────────────────
Total PDFs:                    0
Walmart detectados:            0
Recortados:                    0
Sin cambios:                   0
No se encontró TOTAL:          0
Errores:                       0
No Walmart (sin tocar):        0
────────────────────────────────────────────
Limpieza completa.
ADVERTENCIA: No se encontraron PDFs en la carpeta.
  No se encontraron PDFs en FACTURAS DESCARGADAS
  No hay archivos para unir en FACTURAS INVERTIDAS

=== 🧩 INICIO DEL PROCESO COMPLETO ===

 Limpiando contenido de carpetas de trabajo...

 Carpetas listas.


 Ejecutando: Descargas.py
============================================================
 Descargas.py completado en 4.06s
------------------------------------------------------------

 Ejecutando: Descargas.py
============================================================
 Descargas.py completado en 4.64s
------------------------------------------------------------

 Ejecutando: limpiar_facturas.py
============================================================
 limpiar_facturas.py completado en 4.96s
------------------------------------------------------------

 Ejecutando: Ordenador.py
============================================================
 Ordenador.py completado en 1.37s
------------------------------------------------------------

 Ejecutando: invertir_paginas.py
============================================================
 invertir_paginas.py completado en 1.05s
------------------------------------------------------------

 Ejecutando: unir_facturas.py
============================================================
 unir_facturas.py completado en 1.07s
------------------------------------------------------------

 TODOS LOS PROCESOS FINALIZADOS CORRECTAMENTE 🎉

===  FIN DEL PROCESO ===

 Proceso finalizado correctamente.
 Servidor Flask apagado desde el panel...
